aaaaa  1
Xbbbb  2
ccccc  3
Xdddd  3
XXXdd  1
eeee
fff
