 	aaaaa  ⅰ  
 	bbbbb  ⅱ  
 	ccccc  ⅲ  
 	ddddd  ⅲ  
 	eeeee  ⅲ  
 	fffff  ⅲ  
 	ggggg  ⅲ  
 	GGGGG  ⅲ  
