setenv LS_COLORS '*.xspf=00;36:no=00:fi=00:su=37;41:sg=30;43:ca=30;41:'
