dos
tres
quattro
cinco
seis
siette
ocho
nueve
diez
once
