==> foobar.txt <==
dos
tres
quattro
cinco
seis
siette
ocho
nueve
diez
once

==> foobar2.txt <==
un
deux
